// Jest Snapshot v1, https://goo.gl/fbAQLP

exports[`Prueba de componente GifItem.js debe mostrar <GifItem/> correctamente 1`] = `
<div
  className="card animate__animated animate__fadeInDown"
>
  <img
    alt="Un titulo"
    src="http://localhost/algo.jpg"
  />
  <p>
    Un titulo
  </p>
</div>
`;
